INFO - 2025-03-28 08:35:41 --> Session: Class initialized using 'CodeIgniter\Session\Handlers\FileHandler' driver.
INFO - 2025-03-28 08:35:44 --> Session: Class initialized using 'CodeIgniter\Session\Handlers\FileHandler' driver.
INFO - 2025-03-28 08:35:45 --> Session: Class initialized using 'CodeIgniter\Session\Handlers\FileHandler' driver.
INFO - 2025-03-28 08:35:51 --> Session: Class initialized using 'CodeIgniter\Session\Handlers\FileHandler' driver.
INFO - 2025-03-28 08:36:45 --> Session: Class initialized using 'CodeIgniter\Session\Handlers\FileHandler' driver.
INFO - 2025-03-28 08:45:33 --> Session: Class initialized using 'CodeIgniter\Session\Handlers\FileHandler' driver.
INFO - 2025-03-28 08:52:41 --> Session: Class initialized using 'CodeIgniter\Session\Handlers\FileHandler' driver.
INFO - 2025-03-28 08:54:39 --> Session: Class initialized using 'CodeIgniter\Session\Handlers\FileHandler' driver.
INFO - 2025-03-28 08:55:22 --> Session: Class initialized using 'CodeIgniter\Session\Handlers\FileHandler' driver.
INFO - 2025-03-28 08:56:18 --> Session: Class initialized using 'CodeIgniter\Session\Handlers\FileHandler' driver.
CRITICAL - 2025-03-28 14:26:19 --> ParseError: syntax error, unexpected token ")", expecting "->" or "?->" or "{" or "["
in APPPATH\Views\admin\dashboard\dashboard.php on line 285.
 1 SYSTEMPATH\View\View.php(231): CodeIgniter\View\View->CodeIgniter\View\{closure}()
 2 SYSTEMPATH\Common.php(1178): CodeIgniter\View\View->render('admin/dashboard/dashboard', [], true)
 3 APPPATH\Controllers\Admin\Dashboard.php(229): view('admin/dashboard/dashboard', [...])
 4 SYSTEMPATH\CodeIgniter.php(943): App\Controllers\Admin\Dashboard->index('7eca9304c5a0605eb24c0d3901174b42')
 5 SYSTEMPATH\CodeIgniter.php(503): CodeIgniter\CodeIgniter->runController(Object(App\Controllers\Admin\Dashboard))
 6 SYSTEMPATH\CodeIgniter.php(361): CodeIgniter\CodeIgniter->handleRequest(null, Object(Config\Cache), false)
 7 FCPATH\index.php(79): CodeIgniter\CodeIgniter->run()
 8 SYSTEMPATH\Commands\Server\rewrite.php(47): require_once('C:\\xampp\\htdocs\\vscadmin\\public\\index.php')
INFO - 2025-03-28 09:03:06 --> Session: Class initialized using 'CodeIgniter\Session\Handlers\FileHandler' driver.
INFO - 2025-03-28 09:03:36 --> Session: Class initialized using 'CodeIgniter\Session\Handlers\FileHandler' driver.
INFO - 2025-03-28 09:04:15 --> Session: Class initialized using 'CodeIgniter\Session\Handlers\FileHandler' driver.
INFO - 2025-03-28 09:05:07 --> Session: Class initialized using 'CodeIgniter\Session\Handlers\FileHandler' driver.
INFO - 2025-03-28 09:14:53 --> Session: Class initialized using 'CodeIgniter\Session\Handlers\FileHandler' driver.
CRITICAL - 2025-03-28 14:44:53 --> ErrorException: Undefined variable $jsusers
in APPPATH\Views\admin\dashboard\dashboard.php on line 210.
 1 APPPATH\Views\admin\dashboard\dashboard.php(210): CodeIgniter\Debug\Exceptions->errorHandler(2, 'Undefined variable $jsusers', 'C:\\xampp\\htdocs\\vscadmin\\app\\Views\\admin\\dashboard\\dashboard.php', 210)
 2 SYSTEMPATH\View\View.php(228): include('C:\\xampp\\htdocs\\vscadmin\\app\\Views\\admin\\dashboard\\dashboard.php')
 3 SYSTEMPATH\View\View.php(231): CodeIgniter\View\View->CodeIgniter\View\{closure}()
 4 SYSTEMPATH\Common.php(1178): CodeIgniter\View\View->render('admin/dashboard/dashboard', [], true)
 5 APPPATH\Controllers\Admin\Dashboard.php(229): view('admin/dashboard/dashboard', [...])
 6 SYSTEMPATH\CodeIgniter.php(943): App\Controllers\Admin\Dashboard->index('7eca9304c5a0605eb24c0d3901174b42')
 7 SYSTEMPATH\CodeIgniter.php(503): CodeIgniter\CodeIgniter->runController(Object(App\Controllers\Admin\Dashboard))
 8 SYSTEMPATH\CodeIgniter.php(361): CodeIgniter\CodeIgniter->handleRequest(null, Object(Config\Cache), false)
 9 FCPATH\index.php(79): CodeIgniter\CodeIgniter->run()
10 SYSTEMPATH\Commands\Server\rewrite.php(47): require_once('C:\\xampp\\htdocs\\vscadmin\\public\\index.php')
INFO - 2025-03-28 09:32:07 --> Session: Class initialized using 'CodeIgniter\Session\Handlers\FileHandler' driver.
INFO - 2025-03-28 09:32:22 --> Session: Class initialized using 'CodeIgniter\Session\Handlers\FileHandler' driver.
INFO - 2025-03-28 09:41:10 --> Session: Class initialized using 'CodeIgniter\Session\Handlers\FileHandler' driver.
INFO - 2025-03-28 09:42:21 --> Session: Class initialized using 'CodeIgniter\Session\Handlers\FileHandler' driver.
INFO - 2025-03-28 09:42:43 --> Session: Class initialized using 'CodeIgniter\Session\Handlers\FileHandler' driver.
INFO - 2025-03-28 09:45:41 --> Session: Class initialized using 'CodeIgniter\Session\Handlers\FileHandler' driver.
INFO - 2025-03-28 09:46:51 --> Session: Class initialized using 'CodeIgniter\Session\Handlers\FileHandler' driver.
INFO - 2025-03-28 09:47:11 --> Session: Class initialized using 'CodeIgniter\Session\Handlers\FileHandler' driver.
INFO - 2025-03-28 09:47:26 --> Session: Class initialized using 'CodeIgniter\Session\Handlers\FileHandler' driver.
INFO - 2025-03-28 09:48:59 --> Session: Class initialized using 'CodeIgniter\Session\Handlers\FileHandler' driver.
INFO - 2025-03-28 09:49:29 --> Session: Class initialized using 'CodeIgniter\Session\Handlers\FileHandler' driver.
INFO - 2025-03-28 09:50:07 --> Session: Class initialized using 'CodeIgniter\Session\Handlers\FileHandler' driver.
INFO - 2025-03-28 09:50:44 --> Session: Class initialized using 'CodeIgniter\Session\Handlers\FileHandler' driver.
INFO - 2025-03-28 09:53:35 --> Session: Class initialized using 'CodeIgniter\Session\Handlers\FileHandler' driver.
INFO - 2025-03-28 10:00:49 --> Session: Class initialized using 'CodeIgniter\Session\Handlers\FileHandler' driver.
INFO - 2025-03-28 10:00:55 --> Session: Class initialized using 'CodeIgniter\Session\Handlers\FileHandler' driver.
CRITICAL - 2025-03-28 15:30:55 --> ErrorException: Undefined property: stdClass::$bill_type
in APPPATH\Controllers\Admin\Category\Category.php on line 141.
 1 APPPATH\Controllers\Admin\Category\Category.php(141): CodeIgniter\Debug\Exceptions->errorHandler(2, 'Undefined property: stdClass::$bill_type', 'C:\\xampp\\htdocs\\vscadmin\\app\\Controllers\\Admin\\Category\\Category.php', 141)
 2 SYSTEMPATH\CodeIgniter.php(943): App\Controllers\Admin\Category\Category->listAllCategory_export('7eca9304c5a0605eb24c0d3901174b42')
 3 SYSTEMPATH\CodeIgniter.php(503): CodeIgniter\CodeIgniter->runController(Object(App\Controllers\Admin\Category\Category))
 4 SYSTEMPATH\CodeIgniter.php(361): CodeIgniter\CodeIgniter->handleRequest(null, Object(Config\Cache), false)
 5 FCPATH\index.php(79): CodeIgniter\CodeIgniter->run()
 6 SYSTEMPATH\Commands\Server\rewrite.php(47): require_once('C:\\xampp\\htdocs\\vscadmin\\public\\index.php')
INFO - 2025-03-28 10:01:14 --> Session: Class initialized using 'CodeIgniter\Session\Handlers\FileHandler' driver.
CRITICAL - 2025-03-28 15:31:14 --> ErrorException: Undefined property: stdClass::$bill_type
in APPPATH\Controllers\Admin\Category\Category.php on line 141.
 1 APPPATH\Controllers\Admin\Category\Category.php(141): CodeIgniter\Debug\Exceptions->errorHandler(2, 'Undefined property: stdClass::$bill_type', 'C:\\xampp\\htdocs\\vscadmin\\app\\Controllers\\Admin\\Category\\Category.php', 141)
 2 SYSTEMPATH\CodeIgniter.php(943): App\Controllers\Admin\Category\Category->listAllCategory_export('7eca9304c5a0605eb24c0d3901174b42')
 3 SYSTEMPATH\CodeIgniter.php(503): CodeIgniter\CodeIgniter->runController(Object(App\Controllers\Admin\Category\Category))
 4 SYSTEMPATH\CodeIgniter.php(361): CodeIgniter\CodeIgniter->handleRequest(null, Object(Config\Cache), false)
 5 FCPATH\index.php(79): CodeIgniter\CodeIgniter->run()
 6 SYSTEMPATH\Commands\Server\rewrite.php(47): require_once('C:\\xampp\\htdocs\\vscadmin\\public\\index.php')
INFO - 2025-03-28 10:01:28 --> Session: Class initialized using 'CodeIgniter\Session\Handlers\FileHandler' driver.
CRITICAL - 2025-03-28 15:31:28 --> ErrorException: Undefined property: stdClass::$bill_type
in APPPATH\Controllers\Admin\Category\Category.php on line 141.
 1 APPPATH\Controllers\Admin\Category\Category.php(141): CodeIgniter\Debug\Exceptions->errorHandler(2, 'Undefined property: stdClass::$bill_type', 'C:\\xampp\\htdocs\\vscadmin\\app\\Controllers\\Admin\\Category\\Category.php', 141)
 2 SYSTEMPATH\CodeIgniter.php(943): App\Controllers\Admin\Category\Category->listAllCategory_export('7eca9304c5a0605eb24c0d3901174b42')
 3 SYSTEMPATH\CodeIgniter.php(503): CodeIgniter\CodeIgniter->runController(Object(App\Controllers\Admin\Category\Category))
 4 SYSTEMPATH\CodeIgniter.php(361): CodeIgniter\CodeIgniter->handleRequest(null, Object(Config\Cache), false)
 5 FCPATH\index.php(79): CodeIgniter\CodeIgniter->run()
 6 SYSTEMPATH\Commands\Server\rewrite.php(47): require_once('C:\\xampp\\htdocs\\vscadmin\\public\\index.php')
INFO - 2025-03-28 10:01:29 --> Session: Class initialized using 'CodeIgniter\Session\Handlers\FileHandler' driver.
CRITICAL - 2025-03-28 15:31:29 --> ErrorException: Undefined property: stdClass::$bill_type
in APPPATH\Controllers\Admin\Category\Category.php on line 141.
 1 APPPATH\Controllers\Admin\Category\Category.php(141): CodeIgniter\Debug\Exceptions->errorHandler(2, 'Undefined property: stdClass::$bill_type', 'C:\\xampp\\htdocs\\vscadmin\\app\\Controllers\\Admin\\Category\\Category.php', 141)
 2 SYSTEMPATH\CodeIgniter.php(943): App\Controllers\Admin\Category\Category->listAllCategory_export('7eca9304c5a0605eb24c0d3901174b42')
 3 SYSTEMPATH\CodeIgniter.php(503): CodeIgniter\CodeIgniter->runController(Object(App\Controllers\Admin\Category\Category))
 4 SYSTEMPATH\CodeIgniter.php(361): CodeIgniter\CodeIgniter->handleRequest(null, Object(Config\Cache), false)
 5 FCPATH\index.php(79): CodeIgniter\CodeIgniter->run()
 6 SYSTEMPATH\Commands\Server\rewrite.php(47): require_once('C:\\xampp\\htdocs\\vscadmin\\public\\index.php')
INFO - 2025-03-28 10:01:30 --> Session: Class initialized using 'CodeIgniter\Session\Handlers\FileHandler' driver.
CRITICAL - 2025-03-28 15:31:30 --> ErrorException: Undefined property: stdClass::$bill_type
in APPPATH\Controllers\Admin\Category\Category.php on line 141.
 1 APPPATH\Controllers\Admin\Category\Category.php(141): CodeIgniter\Debug\Exceptions->errorHandler(2, 'Undefined property: stdClass::$bill_type', 'C:\\xampp\\htdocs\\vscadmin\\app\\Controllers\\Admin\\Category\\Category.php', 141)
 2 SYSTEMPATH\CodeIgniter.php(943): App\Controllers\Admin\Category\Category->listAllCategory_export('7eca9304c5a0605eb24c0d3901174b42')
 3 SYSTEMPATH\CodeIgniter.php(503): CodeIgniter\CodeIgniter->runController(Object(App\Controllers\Admin\Category\Category))
 4 SYSTEMPATH\CodeIgniter.php(361): CodeIgniter\CodeIgniter->handleRequest(null, Object(Config\Cache), false)
 5 FCPATH\index.php(79): CodeIgniter\CodeIgniter->run()
 6 SYSTEMPATH\Commands\Server\rewrite.php(47): require_once('C:\\xampp\\htdocs\\vscadmin\\public\\index.php')
INFO - 2025-03-28 10:01:33 --> Session: Class initialized using 'CodeIgniter\Session\Handlers\FileHandler' driver.
CRITICAL - 2025-03-28 15:31:33 --> ErrorException: Undefined property: stdClass::$bill_type
in APPPATH\Controllers\Admin\Category\Category.php on line 141.
 1 APPPATH\Controllers\Admin\Category\Category.php(141): CodeIgniter\Debug\Exceptions->errorHandler(2, 'Undefined property: stdClass::$bill_type', 'C:\\xampp\\htdocs\\vscadmin\\app\\Controllers\\Admin\\Category\\Category.php', 141)
 2 SYSTEMPATH\CodeIgniter.php(943): App\Controllers\Admin\Category\Category->listAllCategory_export('7eca9304c5a0605eb24c0d3901174b42')
 3 SYSTEMPATH\CodeIgniter.php(503): CodeIgniter\CodeIgniter->runController(Object(App\Controllers\Admin\Category\Category))
 4 SYSTEMPATH\CodeIgniter.php(361): CodeIgniter\CodeIgniter->handleRequest(null, Object(Config\Cache), false)
 5 FCPATH\index.php(79): CodeIgniter\CodeIgniter->run()
 6 SYSTEMPATH\Commands\Server\rewrite.php(47): require_once('C:\\xampp\\htdocs\\vscadmin\\public\\index.php')
INFO - 2025-03-28 10:01:33 --> Session: Class initialized using 'CodeIgniter\Session\Handlers\FileHandler' driver.
CRITICAL - 2025-03-28 15:31:33 --> ErrorException: Undefined property: stdClass::$bill_type
in APPPATH\Controllers\Admin\Category\Category.php on line 141.
 1 APPPATH\Controllers\Admin\Category\Category.php(141): CodeIgniter\Debug\Exceptions->errorHandler(2, 'Undefined property: stdClass::$bill_type', 'C:\\xampp\\htdocs\\vscadmin\\app\\Controllers\\Admin\\Category\\Category.php', 141)
 2 SYSTEMPATH\CodeIgniter.php(943): App\Controllers\Admin\Category\Category->listAllCategory_export('7eca9304c5a0605eb24c0d3901174b42')
 3 SYSTEMPATH\CodeIgniter.php(503): CodeIgniter\CodeIgniter->runController(Object(App\Controllers\Admin\Category\Category))
 4 SYSTEMPATH\CodeIgniter.php(361): CodeIgniter\CodeIgniter->handleRequest(null, Object(Config\Cache), false)
 5 FCPATH\index.php(79): CodeIgniter\CodeIgniter->run()
 6 SYSTEMPATH\Commands\Server\rewrite.php(47): require_once('C:\\xampp\\htdocs\\vscadmin\\public\\index.php')
INFO - 2025-03-28 10:01:34 --> Session: Class initialized using 'CodeIgniter\Session\Handlers\FileHandler' driver.
CRITICAL - 2025-03-28 15:31:34 --> ErrorException: Undefined property: stdClass::$bill_type
in APPPATH\Controllers\Admin\Category\Category.php on line 141.
 1 APPPATH\Controllers\Admin\Category\Category.php(141): CodeIgniter\Debug\Exceptions->errorHandler(2, 'Undefined property: stdClass::$bill_type', 'C:\\xampp\\htdocs\\vscadmin\\app\\Controllers\\Admin\\Category\\Category.php', 141)
 2 SYSTEMPATH\CodeIgniter.php(943): App\Controllers\Admin\Category\Category->listAllCategory_export('7eca9304c5a0605eb24c0d3901174b42')
 3 SYSTEMPATH\CodeIgniter.php(503): CodeIgniter\CodeIgniter->runController(Object(App\Controllers\Admin\Category\Category))
 4 SYSTEMPATH\CodeIgniter.php(361): CodeIgniter\CodeIgniter->handleRequest(null, Object(Config\Cache), false)
 5 FCPATH\index.php(79): CodeIgniter\CodeIgniter->run()
 6 SYSTEMPATH\Commands\Server\rewrite.php(47): require_once('C:\\xampp\\htdocs\\vscadmin\\public\\index.php')
INFO - 2025-03-28 10:01:35 --> Session: Class initialized using 'CodeIgniter\Session\Handlers\FileHandler' driver.
CRITICAL - 2025-03-28 15:31:35 --> ErrorException: Undefined property: stdClass::$bill_type
in APPPATH\Controllers\Admin\Category\Category.php on line 141.
 1 APPPATH\Controllers\Admin\Category\Category.php(141): CodeIgniter\Debug\Exceptions->errorHandler(2, 'Undefined property: stdClass::$bill_type', 'C:\\xampp\\htdocs\\vscadmin\\app\\Controllers\\Admin\\Category\\Category.php', 141)
 2 SYSTEMPATH\CodeIgniter.php(943): App\Controllers\Admin\Category\Category->listAllCategory_export('7eca9304c5a0605eb24c0d3901174b42')
 3 SYSTEMPATH\CodeIgniter.php(503): CodeIgniter\CodeIgniter->runController(Object(App\Controllers\Admin\Category\Category))
 4 SYSTEMPATH\CodeIgniter.php(361): CodeIgniter\CodeIgniter->handleRequest(null, Object(Config\Cache), false)
 5 FCPATH\index.php(79): CodeIgniter\CodeIgniter->run()
 6 SYSTEMPATH\Commands\Server\rewrite.php(47): require_once('C:\\xampp\\htdocs\\vscadmin\\public\\index.php')
INFO - 2025-03-28 10:01:36 --> Session: Class initialized using 'CodeIgniter\Session\Handlers\FileHandler' driver.
CRITICAL - 2025-03-28 15:31:37 --> ErrorException: Undefined property: stdClass::$bill_type
in APPPATH\Controllers\Admin\Category\Category.php on line 141.
 1 APPPATH\Controllers\Admin\Category\Category.php(141): CodeIgniter\Debug\Exceptions->errorHandler(2, 'Undefined property: stdClass::$bill_type', 'C:\\xampp\\htdocs\\vscadmin\\app\\Controllers\\Admin\\Category\\Category.php', 141)
 2 SYSTEMPATH\CodeIgniter.php(943): App\Controllers\Admin\Category\Category->listAllCategory_export('7eca9304c5a0605eb24c0d3901174b42')
 3 SYSTEMPATH\CodeIgniter.php(503): CodeIgniter\CodeIgniter->runController(Object(App\Controllers\Admin\Category\Category))
 4 SYSTEMPATH\CodeIgniter.php(361): CodeIgniter\CodeIgniter->handleRequest(null, Object(Config\Cache), false)
 5 FCPATH\index.php(79): CodeIgniter\CodeIgniter->run()
 6 SYSTEMPATH\Commands\Server\rewrite.php(47): require_once('C:\\xampp\\htdocs\\vscadmin\\public\\index.php')
INFO - 2025-03-28 10:01:37 --> Session: Class initialized using 'CodeIgniter\Session\Handlers\FileHandler' driver.
CRITICAL - 2025-03-28 15:31:37 --> ErrorException: Undefined property: stdClass::$bill_type
in APPPATH\Controllers\Admin\Category\Category.php on line 141.
 1 APPPATH\Controllers\Admin\Category\Category.php(141): CodeIgniter\Debug\Exceptions->errorHandler(2, 'Undefined property: stdClass::$bill_type', 'C:\\xampp\\htdocs\\vscadmin\\app\\Controllers\\Admin\\Category\\Category.php', 141)
 2 SYSTEMPATH\CodeIgniter.php(943): App\Controllers\Admin\Category\Category->listAllCategory_export('7eca9304c5a0605eb24c0d3901174b42')
 3 SYSTEMPATH\CodeIgniter.php(503): CodeIgniter\CodeIgniter->runController(Object(App\Controllers\Admin\Category\Category))
 4 SYSTEMPATH\CodeIgniter.php(361): CodeIgniter\CodeIgniter->handleRequest(null, Object(Config\Cache), false)
 5 FCPATH\index.php(79): CodeIgniter\CodeIgniter->run()
 6 SYSTEMPATH\Commands\Server\rewrite.php(47): require_once('C:\\xampp\\htdocs\\vscadmin\\public\\index.php')
INFO - 2025-03-28 10:01:38 --> Session: Class initialized using 'CodeIgniter\Session\Handlers\FileHandler' driver.
CRITICAL - 2025-03-28 15:31:38 --> ErrorException: Undefined property: stdClass::$bill_type
in APPPATH\Controllers\Admin\Category\Category.php on line 141.
 1 APPPATH\Controllers\Admin\Category\Category.php(141): CodeIgniter\Debug\Exceptions->errorHandler(2, 'Undefined property: stdClass::$bill_type', 'C:\\xampp\\htdocs\\vscadmin\\app\\Controllers\\Admin\\Category\\Category.php', 141)
 2 SYSTEMPATH\CodeIgniter.php(943): App\Controllers\Admin\Category\Category->listAllCategory_export('7eca9304c5a0605eb24c0d3901174b42')
 3 SYSTEMPATH\CodeIgniter.php(503): CodeIgniter\CodeIgniter->runController(Object(App\Controllers\Admin\Category\Category))
 4 SYSTEMPATH\CodeIgniter.php(361): CodeIgniter\CodeIgniter->handleRequest(null, Object(Config\Cache), false)
 5 FCPATH\index.php(79): CodeIgniter\CodeIgniter->run()
 6 SYSTEMPATH\Commands\Server\rewrite.php(47): require_once('C:\\xampp\\htdocs\\vscadmin\\public\\index.php')
INFO - 2025-03-28 10:01:59 --> Session: Class initialized using 'CodeIgniter\Session\Handlers\FileHandler' driver.
INFO - 2025-03-28 10:02:03 --> Session: Class initialized using 'CodeIgniter\Session\Handlers\FileHandler' driver.
CRITICAL - 2025-03-28 15:32:03 --> ErrorException: Undefined property: stdClass::$bill_type
in APPPATH\Controllers\Admin\Category\Category.php on line 133.
 1 APPPATH\Controllers\Admin\Category\Category.php(133): CodeIgniter\Debug\Exceptions->errorHandler(2, 'Undefined property: stdClass::$bill_type', 'C:\\xampp\\htdocs\\vscadmin\\app\\Controllers\\Admin\\Category\\Category.php', 133)
 2 SYSTEMPATH\CodeIgniter.php(943): App\Controllers\Admin\Category\Category->listAllCategory_export('7eca9304c5a0605eb24c0d3901174b42')
 3 SYSTEMPATH\CodeIgniter.php(503): CodeIgniter\CodeIgniter->runController(Object(App\Controllers\Admin\Category\Category))
 4 SYSTEMPATH\CodeIgniter.php(361): CodeIgniter\CodeIgniter->handleRequest(null, Object(Config\Cache), false)
 5 FCPATH\index.php(79): CodeIgniter\CodeIgniter->run()
 6 SYSTEMPATH\Commands\Server\rewrite.php(47): require_once('C:\\xampp\\htdocs\\vscadmin\\public\\index.php')
INFO - 2025-03-28 10:02:07 --> Session: Class initialized using 'CodeIgniter\Session\Handlers\FileHandler' driver.
CRITICAL - 2025-03-28 15:32:07 --> ErrorException: Undefined property: stdClass::$bill_type
in APPPATH\Controllers\Admin\Category\Category.php on line 133.
 1 APPPATH\Controllers\Admin\Category\Category.php(133): CodeIgniter\Debug\Exceptions->errorHandler(2, 'Undefined property: stdClass::$bill_type', 'C:\\xampp\\htdocs\\vscadmin\\app\\Controllers\\Admin\\Category\\Category.php', 133)
 2 SYSTEMPATH\CodeIgniter.php(943): App\Controllers\Admin\Category\Category->listAllCategory_export('7eca9304c5a0605eb24c0d3901174b42')
 3 SYSTEMPATH\CodeIgniter.php(503): CodeIgniter\CodeIgniter->runController(Object(App\Controllers\Admin\Category\Category))
 4 SYSTEMPATH\CodeIgniter.php(361): CodeIgniter\CodeIgniter->handleRequest(null, Object(Config\Cache), false)
 5 FCPATH\index.php(79): CodeIgniter\CodeIgniter->run()
 6 SYSTEMPATH\Commands\Server\rewrite.php(47): require_once('C:\\xampp\\htdocs\\vscadmin\\public\\index.php')
INFO - 2025-03-28 10:02:08 --> Session: Class initialized using 'CodeIgniter\Session\Handlers\FileHandler' driver.
CRITICAL - 2025-03-28 15:32:08 --> ErrorException: Undefined property: stdClass::$bill_type
in APPPATH\Controllers\Admin\Category\Category.php on line 133.
 1 APPPATH\Controllers\Admin\Category\Category.php(133): CodeIgniter\Debug\Exceptions->errorHandler(2, 'Undefined property: stdClass::$bill_type', 'C:\\xampp\\htdocs\\vscadmin\\app\\Controllers\\Admin\\Category\\Category.php', 133)
 2 SYSTEMPATH\CodeIgniter.php(943): App\Controllers\Admin\Category\Category->listAllCategory_export('7eca9304c5a0605eb24c0d3901174b42')
 3 SYSTEMPATH\CodeIgniter.php(503): CodeIgniter\CodeIgniter->runController(Object(App\Controllers\Admin\Category\Category))
 4 SYSTEMPATH\CodeIgniter.php(361): CodeIgniter\CodeIgniter->handleRequest(null, Object(Config\Cache), false)
 5 FCPATH\index.php(79): CodeIgniter\CodeIgniter->run()
 6 SYSTEMPATH\Commands\Server\rewrite.php(47): require_once('C:\\xampp\\htdocs\\vscadmin\\public\\index.php')
INFO - 2025-03-28 10:02:13 --> Session: Class initialized using 'CodeIgniter\Session\Handlers\FileHandler' driver.
CRITICAL - 2025-03-28 15:32:13 --> ErrorException: Undefined property: stdClass::$bill_type
in APPPATH\Controllers\Admin\Category\Category.php on line 133.
 1 APPPATH\Controllers\Admin\Category\Category.php(133): CodeIgniter\Debug\Exceptions->errorHandler(2, 'Undefined property: stdClass::$bill_type', 'C:\\xampp\\htdocs\\vscadmin\\app\\Controllers\\Admin\\Category\\Category.php', 133)
 2 SYSTEMPATH\CodeIgniter.php(943): App\Controllers\Admin\Category\Category->listAllCategory_export('7eca9304c5a0605eb24c0d3901174b42')
 3 SYSTEMPATH\CodeIgniter.php(503): CodeIgniter\CodeIgniter->runController(Object(App\Controllers\Admin\Category\Category))
 4 SYSTEMPATH\CodeIgniter.php(361): CodeIgniter\CodeIgniter->handleRequest(null, Object(Config\Cache), false)
 5 FCPATH\index.php(79): CodeIgniter\CodeIgniter->run()
 6 SYSTEMPATH\Commands\Server\rewrite.php(47): require_once('C:\\xampp\\htdocs\\vscadmin\\public\\index.php')
INFO - 2025-03-28 10:05:41 --> Session: Class initialized using 'CodeIgniter\Session\Handlers\FileHandler' driver.
CRITICAL - 2025-03-28 15:35:41 --> ErrorException: Undefined property: stdClass::$bill_type
in APPPATH\Controllers\Admin\Category\Category.php on line 141.
 1 APPPATH\Controllers\Admin\Category\Category.php(141): CodeIgniter\Debug\Exceptions->errorHandler(2, 'Undefined property: stdClass::$bill_type', 'C:\\xampp\\htdocs\\vscadmin\\app\\Controllers\\Admin\\Category\\Category.php', 141)
 2 SYSTEMPATH\CodeIgniter.php(943): App\Controllers\Admin\Category\Category->listAllCategory_export('7eca9304c5a0605eb24c0d3901174b42')
 3 SYSTEMPATH\CodeIgniter.php(503): CodeIgniter\CodeIgniter->runController(Object(App\Controllers\Admin\Category\Category))
 4 SYSTEMPATH\CodeIgniter.php(361): CodeIgniter\CodeIgniter->handleRequest(null, Object(Config\Cache), false)
 5 FCPATH\index.php(79): CodeIgniter\CodeIgniter->run()
 6 SYSTEMPATH\Commands\Server\rewrite.php(47): require_once('C:\\xampp\\htdocs\\vscadmin\\public\\index.php')
INFO - 2025-03-28 10:05:49 --> Session: Class initialized using 'CodeIgniter\Session\Handlers\FileHandler' driver.
CRITICAL - 2025-03-28 15:35:49 --> ErrorException: Undefined property: stdClass::$bill_type
in APPPATH\Controllers\Admin\Category\Category.php on line 141.
 1 APPPATH\Controllers\Admin\Category\Category.php(141): CodeIgniter\Debug\Exceptions->errorHandler(2, 'Undefined property: stdClass::$bill_type', 'C:\\xampp\\htdocs\\vscadmin\\app\\Controllers\\Admin\\Category\\Category.php', 141)
 2 SYSTEMPATH\CodeIgniter.php(943): App\Controllers\Admin\Category\Category->listAllCategory_export('7eca9304c5a0605eb24c0d3901174b42')
 3 SYSTEMPATH\CodeIgniter.php(503): CodeIgniter\CodeIgniter->runController(Object(App\Controllers\Admin\Category\Category))
 4 SYSTEMPATH\CodeIgniter.php(361): CodeIgniter\CodeIgniter->handleRequest(null, Object(Config\Cache), false)
 5 FCPATH\index.php(79): CodeIgniter\CodeIgniter->run()
 6 SYSTEMPATH\Commands\Server\rewrite.php(47): require_once('C:\\xampp\\htdocs\\vscadmin\\public\\index.php')
INFO - 2025-03-28 10:05:50 --> Session: Class initialized using 'CodeIgniter\Session\Handlers\FileHandler' driver.
CRITICAL - 2025-03-28 15:35:50 --> ErrorException: Undefined property: stdClass::$bill_type
in APPPATH\Controllers\Admin\Category\Category.php on line 141.
 1 APPPATH\Controllers\Admin\Category\Category.php(141): CodeIgniter\Debug\Exceptions->errorHandler(2, 'Undefined property: stdClass::$bill_type', 'C:\\xampp\\htdocs\\vscadmin\\app\\Controllers\\Admin\\Category\\Category.php', 141)
 2 SYSTEMPATH\CodeIgniter.php(943): App\Controllers\Admin\Category\Category->listAllCategory_export('7eca9304c5a0605eb24c0d3901174b42')
 3 SYSTEMPATH\CodeIgniter.php(503): CodeIgniter\CodeIgniter->runController(Object(App\Controllers\Admin\Category\Category))
 4 SYSTEMPATH\CodeIgniter.php(361): CodeIgniter\CodeIgniter->handleRequest(null, Object(Config\Cache), false)
 5 FCPATH\index.php(79): CodeIgniter\CodeIgniter->run()
 6 SYSTEMPATH\Commands\Server\rewrite.php(47): require_once('C:\\xampp\\htdocs\\vscadmin\\public\\index.php')
INFO - 2025-03-28 10:05:51 --> Session: Class initialized using 'CodeIgniter\Session\Handlers\FileHandler' driver.
CRITICAL - 2025-03-28 15:35:51 --> ErrorException: Undefined property: stdClass::$bill_type
in APPPATH\Controllers\Admin\Category\Category.php on line 141.
 1 APPPATH\Controllers\Admin\Category\Category.php(141): CodeIgniter\Debug\Exceptions->errorHandler(2, 'Undefined property: stdClass::$bill_type', 'C:\\xampp\\htdocs\\vscadmin\\app\\Controllers\\Admin\\Category\\Category.php', 141)
 2 SYSTEMPATH\CodeIgniter.php(943): App\Controllers\Admin\Category\Category->listAllCategory_export('7eca9304c5a0605eb24c0d3901174b42')
 3 SYSTEMPATH\CodeIgniter.php(503): CodeIgniter\CodeIgniter->runController(Object(App\Controllers\Admin\Category\Category))
 4 SYSTEMPATH\CodeIgniter.php(361): CodeIgniter\CodeIgniter->handleRequest(null, Object(Config\Cache), false)
 5 FCPATH\index.php(79): CodeIgniter\CodeIgniter->run()
 6 SYSTEMPATH\Commands\Server\rewrite.php(47): require_once('C:\\xampp\\htdocs\\vscadmin\\public\\index.php')
INFO - 2025-03-28 10:05:51 --> Session: Class initialized using 'CodeIgniter\Session\Handlers\FileHandler' driver.
CRITICAL - 2025-03-28 15:35:51 --> ErrorException: Undefined property: stdClass::$bill_type
in APPPATH\Controllers\Admin\Category\Category.php on line 141.
 1 APPPATH\Controllers\Admin\Category\Category.php(141): CodeIgniter\Debug\Exceptions->errorHandler(2, 'Undefined property: stdClass::$bill_type', 'C:\\xampp\\htdocs\\vscadmin\\app\\Controllers\\Admin\\Category\\Category.php', 141)
 2 SYSTEMPATH\CodeIgniter.php(943): App\Controllers\Admin\Category\Category->listAllCategory_export('7eca9304c5a0605eb24c0d3901174b42')
 3 SYSTEMPATH\CodeIgniter.php(503): CodeIgniter\CodeIgniter->runController(Object(App\Controllers\Admin\Category\Category))
 4 SYSTEMPATH\CodeIgniter.php(361): CodeIgniter\CodeIgniter->handleRequest(null, Object(Config\Cache), false)
 5 FCPATH\index.php(79): CodeIgniter\CodeIgniter->run()
 6 SYSTEMPATH\Commands\Server\rewrite.php(47): require_once('C:\\xampp\\htdocs\\vscadmin\\public\\index.php')
INFO - 2025-03-28 10:06:05 --> Session: Class initialized using 'CodeIgniter\Session\Handlers\FileHandler' driver.
CRITICAL - 2025-03-28 15:36:05 --> ErrorException: Undefined property: stdClass::$bill_type
in APPPATH\Controllers\Admin\Category\Category.php on line 141.
 1 APPPATH\Controllers\Admin\Category\Category.php(141): CodeIgniter\Debug\Exceptions->errorHandler(2, 'Undefined property: stdClass::$bill_type', 'C:\\xampp\\htdocs\\vscadmin\\app\\Controllers\\Admin\\Category\\Category.php', 141)
 2 SYSTEMPATH\CodeIgniter.php(943): App\Controllers\Admin\Category\Category->listAllCategory_export('7eca9304c5a0605eb24c0d3901174b42')
 3 SYSTEMPATH\CodeIgniter.php(503): CodeIgniter\CodeIgniter->runController(Object(App\Controllers\Admin\Category\Category))
 4 SYSTEMPATH\CodeIgniter.php(361): CodeIgniter\CodeIgniter->handleRequest(null, Object(Config\Cache), false)
 5 FCPATH\index.php(79): CodeIgniter\CodeIgniter->run()
 6 SYSTEMPATH\Commands\Server\rewrite.php(47): require_once('C:\\xampp\\htdocs\\vscadmin\\public\\index.php')
INFO - 2025-03-28 10:06:07 --> Session: Class initialized using 'CodeIgniter\Session\Handlers\FileHandler' driver.
INFO - 2025-03-28 10:06:24 --> Session: Class initialized using 'CodeIgniter\Session\Handlers\FileHandler' driver.
CRITICAL - 2025-03-28 15:36:24 --> ErrorException: Undefined property: stdClass::$bill_type
in APPPATH\Controllers\Admin\Category\Category.php on line 141.
 1 APPPATH\Controllers\Admin\Category\Category.php(141): CodeIgniter\Debug\Exceptions->errorHandler(2, 'Undefined property: stdClass::$bill_type', 'C:\\xampp\\htdocs\\vscadmin\\app\\Controllers\\Admin\\Category\\Category.php', 141)
 2 SYSTEMPATH\CodeIgniter.php(943): App\Controllers\Admin\Category\Category->listAllCategory_export('7eca9304c5a0605eb24c0d3901174b42')
 3 SYSTEMPATH\CodeIgniter.php(503): CodeIgniter\CodeIgniter->runController(Object(App\Controllers\Admin\Category\Category))
 4 SYSTEMPATH\CodeIgniter.php(361): CodeIgniter\CodeIgniter->handleRequest(null, Object(Config\Cache), false)
 5 FCPATH\index.php(79): CodeIgniter\CodeIgniter->run()
 6 SYSTEMPATH\Commands\Server\rewrite.php(47): require_once('C:\\xampp\\htdocs\\vscadmin\\public\\index.php')
INFO - 2025-03-28 10:19:15 --> Session: Class initialized using 'CodeIgniter\Session\Handlers\FileHandler' driver.
INFO - 2025-03-28 10:19:19 --> Session: Class initialized using 'CodeIgniter\Session\Handlers\FileHandler' driver.
INFO - 2025-03-28 10:20:36 --> Session: Class initialized using 'CodeIgniter\Session\Handlers\FileHandler' driver.
INFO - 2025-03-28 10:21:42 --> Session: Class initialized using 'CodeIgniter\Session\Handlers\FileHandler' driver.
INFO - 2025-03-28 10:23:38 --> Session: Class initialized using 'CodeIgniter\Session\Handlers\FileHandler' driver.
INFO - 2025-03-28 10:24:14 --> Session: Class initialized using 'CodeIgniter\Session\Handlers\FileHandler' driver.
INFO - 2025-03-28 10:24:19 --> Session: Class initialized using 'CodeIgniter\Session\Handlers\FileHandler' driver.
INFO - 2025-03-28 10:25:46 --> Session: Class initialized using 'CodeIgniter\Session\Handlers\FileHandler' driver.
INFO - 2025-03-28 10:44:38 --> Session: Class initialized using 'CodeIgniter\Session\Handlers\FileHandler' driver.
INFO - 2025-03-28 10:44:55 --> Session: Class initialized using 'CodeIgniter\Session\Handlers\FileHandler' driver.
INFO - 2025-03-28 10:44:55 --> Session: Class initialized using 'CodeIgniter\Session\Handlers\FileHandler' driver.
INFO - 2025-03-28 10:45:14 --> Session: Class initialized using 'CodeIgniter\Session\Handlers\FileHandler' driver.
INFO - 2025-03-28 10:46:46 --> Session: Class initialized using 'CodeIgniter\Session\Handlers\FileHandler' driver.
INFO - 2025-03-28 10:46:46 --> Session: Class initialized using 'CodeIgniter\Session\Handlers\FileHandler' driver.
INFO - 2025-03-28 10:47:47 --> Session: Class initialized using 'CodeIgniter\Session\Handlers\FileHandler' driver.
INFO - 2025-03-28 10:48:18 --> Session: Class initialized using 'CodeIgniter\Session\Handlers\FileHandler' driver.
INFO - 2025-03-28 10:48:52 --> Session: Class initialized using 'CodeIgniter\Session\Handlers\FileHandler' driver.
INFO - 2025-03-28 10:48:58 --> Session: Class initialized using 'CodeIgniter\Session\Handlers\FileHandler' driver.
INFO - 2025-03-28 10:48:59 --> Session: Class initialized using 'CodeIgniter\Session\Handlers\FileHandler' driver.
INFO - 2025-03-28 10:53:51 --> Session: Class initialized using 'CodeIgniter\Session\Handlers\FileHandler' driver.
INFO - 2025-03-28 10:53:55 --> Session: Class initialized using 'CodeIgniter\Session\Handlers\FileHandler' driver.
INFO - 2025-03-28 11:37:42 --> Session: Class initialized using 'CodeIgniter\Session\Handlers\FileHandler' driver.
INFO - 2025-03-28 11:59:31 --> Session: Class initialized using 'CodeIgniter\Session\Handlers\FileHandler' driver.
